SQL> create table customer(id number (5) primary key, name carchar2(20) not null, mobile varchar2(11) not null, country varchar2(50) default 'BD');
create table customer(id number (5) primary key, name carchar2(20) not null, mobile varchar2(11) not null, country varchar2(50) default 'BD')
                                                              *
ERROR at line 1:
ORA-00907: missing right parenthesis 


SQL> create table customer(id number (5) primary key, name varchar2(20) not null, mobile varchar2(11) not null, country varchar2(50) default 'BD');

Table created.

SQL> CREATE OR REPLACE PROCEDURE insertCustomer(
  2  p_id IN CUSTOMER.id%TYPE,
  3  p_name IN CUSTOMER.name%TYPE,
  4  p_mobile IN CUSTOMER.mobile%TYPE,
  5  p_country IN CUSTOMER.country%TYPE)
  6  IS
  7  BEGIN
  8  INSERT INTO CUSTOMER (id, name, mobile, country)
  9  values (p_id, p_name, p_mobile, p_country);
 10  commit;
 11  END;
 12  /

Procedure created.

SQL> BEGIN
  2  insertCustomer(1, 'A', '01921839596','BD');
  3  END;
  4  /

PL/SQL procedure successfully completed.
                                                                              
SQL> CREATE OR REPLACE PROCEDURE updatecustomer(
  2    p_id IN CUSTOMER.id%TYPE,
  3    p_name IN CUSTOMER.name%TYPE,
  4    p_mobile IN CUSTOMER.mobile%TYPE,
  5    p_country IN CUSTOMER.country%TYPE)
  6    IS
  7    BEGIN
  8    update customer set id=p_id, name=p_name, mobile=p_mobile, country=p_country where id=p_id;
  9    END;
 10    /

Procedure created.
                                     
SQL>  BEGIN
  2  updateCustomer(1, 'B', '0125','China');
  3  END;
  4  /

PL/SQL procedure successfully completed.

SQL> CREATE OR REPLACE PROCEDURE deleteCustomer(
  2    p_id IN CUSTOMER.id%TYPE,
  3    p_name IN CUSTOMER.name%TYPE,
  4    p_mobile IN CUSTOMER.mobile%TYPE,
  5    p_country IN CUSTOMER.country%TYPE)
  6    IS
  7    BEGIN
  8    delete from customer where id=p_id;
  9            commit;
 10            END;
 11  /

Procedure created.
                                                                              
SQL> CREATE OR REPLACE PROCEDURE deleteCustomer(
  2  p_id IN CUSTOMER.id%TYPE)
  3  IS
  4  BEGIN
  5  delete from customer where id=p_id;
  6  commit;
  7  END;
  8  /

Procedure created.

SQL> BEGIN
  2  deleteCustomer(1);
  3  end;
  4  /

PL/SQL procedure successfully completed.

SQL> select * from customer;

no rows selected


